   Compiling futures-util v0.3.34
   Compiling crypto-common v0.1.7
   Compiling glib-sys v0.22.9
   Compiling displaydoc v0.2.7
   Compiling synstructure v0.14.0
warning: glib-sys@0.22.9:
error: failed to run custom build command for `glib-sys v0.22.9`

Caused by:
  process didn't exit successfully: `/workspace/scratch/serein-hw-capabilities/package-target/release/build/glib-sys-0e769066a3de8146/build-script-build` (exit status: 1)
  --- stdout
  cargo:rerun-if-changed=/home/agent/.cargo/registry/src/index.crates.io-1949cf8c6b5b557f/glib-sys-0.22.9/Cargo.toml
  cargo:rerun-if-env-changed=GLIB_2.0_NO_PKG_CONFIG
  cargo:rerun-if-env-changed=PKG_CONFIG_x86_64-unknown-linux-gnu
  cargo:rerun-if-env-changed=PKG_CONFIG_x86_64_unknown_linux_gnu
  cargo:rerun-if-env-changed=HOST_PKG_CONFIG
  cargo:rerun-if-env-changed=PKG_CONFIG
  cargo:rerun-if-env-changed=PKG_CONFIG_PATH_x86_64-unknown-linux-gnu
  cargo:rerun-if-env-changed=PKG_CONFIG_PATH_x86_64_unknown_linux_gnu
  cargo:rerun-if-env-changed=HOST_PKG_CONFIG_PATH
  cargo:rerun-if-env-changed=PKG_CONFIG_PATH
  cargo:rerun-if-env-changed=PKG_CONFIG_LIBDIR_x86_64-unknown-linux-gnu
  cargo:rerun-if-env-changed=PKG_CONFIG_LIBDIR_x86_64_unknown_linux_gnu
  cargo:rerun-if-env-changed=HOST_PKG_CONFIG_LIBDIR
  cargo:rerun-if-env-changed=PKG_CONFIG_LIBDIR
  cargo:rerun-if-env-changed=PKG_CONFIG_SYSROOT_DIR_x86_64-unknown-linux-gnu
  cargo:rerun-if-env-changed=PKG_CONFIG_SYSROOT_DIR_x86_64_unknown_linux_gnu
  cargo:rerun-if-env-changed=HOST_PKG_CONFIG_SYSROOT_DIR
  cargo:rerun-if-env-changed=PKG_CONFIG_SYSROOT_DIR
  cargo:warning=
  pkg-config exited with status code 1
  > PKG_CONFIG_PATH= PKG_CONFIG_ALLOW_SYSTEM_CFLAGS=1 pkg-config --libs --cflags glib-2.0 'glib-2.0 >= 2.70'

  pkg-config output:
    Package glib-2.0 was not found in the pkg-config search path.
    Perhaps you should add the directory containing `glib-2.0.pc'
    to the PKG_CONFIG_PATH environment variable
    Package 'glib-2.0', required by 'virtual:world', not found
    Package 'glib-2.0', required by 'virtual:world', not found

  The system library `glib-2.0` required by crate `glib-sys` was not found.
  The file `glib-2.0.pc` needs to be installed and the PKG_CONFIG_PATH environment variable must contain its parent directory.
  PKG_CONFIG_PATH contains the following:
      -

  HINT: you may need to install a package such as glib-2.0, glib-2.0-dev or glib-2.0-devel.

Cargo release build failed
