
running 101 tests
test audio::tests::listen_only_keeps_playback_without_input_and_mute_does_not_reopen_devices ... ok
test audio::tests::device_readiness_rejects_stale_open_and_fast_security_transitions ... ok
test audio::tests::microphone_recovery_preserves_startup_failures ... ok
test audio::tests::privacy_generation_rejects_late_pcm_and_survives_device_recovery ... ok
test audio::tests::callback_gain_defaults_clamps_and_sanitizes_without_devices ... ok
test audio::tests::runtime_gain_updates_preserve_gates_and_discard_buffered_audio ... ok
test audio::tests::resampling_buffers_and_capture_gate_are_bounded_without_devices ... ok
test camera::format::tests::native_modes_follow_stream_dimensions_then_actual_frame_rate ... ok
test camera::linux::tests::native_uapi_layouts_match_linux_headers ... ok
test camera::linux::tests::canceled_capture_does_not_open_a_device_or_emit ... ok
test camera::linux::tests::selected_camera_requires_a_canonical_bounded_device_path ... ok
test camera::synthetic_camera_encode_workload ... ignored, synthetic release workload; no capture devices or network
test camera::synthetic_stable_camera_encode_workload ... ignored, synthetic release workload; no capture devices or network
[h264_amf @ 0x7f6b700011c0] DLL libamfrt64.so.1 failed to open
test camera::linux::tests::yuyv_conversion_honors_padding_and_rejects_invalid_bounds ... ok
test camera::tests::camera_rejects_unbounded_or_nul_device_ids_before_starting_worker ... ok
test camera::linux::tests::jpeg_decode_checks_dimensions_before_output_allocation ... ok
test camera::linux::tests::native_intervals_and_nonmatching_frames_stay_bounded ... ok
test camera_video::tests::failed_packet_budget_does_not_queue_a_partial_camera_frame ... ok
test capture::tests::coalesced_mute_unmute_discards_pre_transition_capture ... ok
test camera_video::tests::camera_packetization_is_bounded_and_marks_only_the_last_fragment ... ok
test crypto::tests::compound_feedback_authenticates_targets_bounds_and_validates_the_entire_packet ... ok
test crypto::tests::rtcp_keyframe_requests_require_authentication_and_matching_ssrc ... ok
test crypto::tests::rtp_authentication_bounds_and_nonce_exhaustion ... ok
test crypto::tests::soundshare_extension_is_authenticated_encrypted_and_stripped_before_dave ... ok
test hpke_sha3::serein_shake256_security_backport ... ok
test jitter::tests::bounded_reordering_loss_duplicates_and_wrap ... ok
test jitter::tests::burst_loss_preserves_buffered_recovery_and_resets_on_far_jump ... ok
test mixer::tests::independent_streams_mix_on_one_clock_and_release_on_leave ... ok
[h264_amf @ 0x7f6b700011c0] DLL libamfrt64.so.1 failed to open
test mixer::tests::packet_loss_preserves_short_and_long_packet_timing ... ok
test mixer::tests::short_packets_fill_realtime_ticks_without_silence_or_reorder_starvation ... ok
test mixer::tests::synthetic_mix_workload ... ignored, synthetic release workload; run with --release --ignored --nocapture
test screen::audio_linux::tests::application_isolation_and_bounded_stereo_mix ... ok
test screen::audio_windows::tests::loopback_samples_are_gated_sanitized_and_bounded ... ok
test screen::convert::tests::scales_letterboxes_and_matches_bt601_limited_range ... ok
test camera::tests::camera_frames_are_bounded_independently_decodable_and_stop_is_immediate ... ok
test screen::gstreamer::tests::source_crop_rejects_invalid_rectangles_and_resets_for_uncropped_frames ... ok
test screen::linux::tests::niri_detection_preserves_other_desktops ... ok
test screen::tests::idle_screen_keyframe_uses_latest_snapshot_only_when_ready ... ok
test screen::tests::local_preview_is_bounded_and_converts_padded_bgra_without_media_readiness ... ok
[OpenH264] this = 0x0x7f6b70000b70, Warning:ParamValidation(), AdaptiveQuant(1) is not supported yet for screen content, auto turned off
[OpenH264] this = 0x0x7f6b70000b70, Warning:ParamValidation(), BackgroundDetection(1) is not supported yet for screen content, auto turned off
test crypto::tests::sole_member_departure_waiting_and_group_membership ... ok
[OpenH264] this = 0x0x7f6b70000b70, Warning:ParamValidation(), AdaptiveQuant(1) is not supported yet for screen content, auto turned off
[OpenH264] this = 0x0x7f6b70000b70, Warning:ParamValidation(), BackgroundDetection(1) is not supported yet for screen content, auto turned off
test screen::tests::synthetic_frame_is_bounded_and_encodes_a_keyframe ... ok
test crypto::tests::proposals_before_local_group_are_ignored_without_weakening_later_validation ... ok
test screen::gstreamer::tests::portal_crop_excludes_surrounding_pixels_from_preview_and_raw_frames ... ok
test test_mls::dave_two_parties_encrypt_decrypt_reject_tampering_and_transition_gate ... ok
test test_mls::welcome_cannot_add_an_unexpected_dm_peer ... ok
test transport::test_stream::experimental_stream_rejects_h264_selection_for_h265_or_av1 ... ok
test test_mls::guild_welcome_requires_announced_members_and_rejects_duplicate_credentials ... ok
test transport::tests::a_stall_asks_every_announced_sender_for_a_keyframe ... ok
test transport::tests::decoder_cleanup_announcement_preserves_streams_and_partial_updates ... ok
test test_mls::guild_three_party_join_remove_and_empty_room_fail_closed ... ok
test transport::tests::local_voice_peer_disconnect_enters_waiting_without_timeout ... ok
test transport::tests::local_guild_voice_waiting_mixed_audio_and_resume ... ok
test transport::tests::outgoing_codec_offers_never_claim_unsupported_decoders_or_h264_fallback ... ok
test transport::tests::stream_audio_is_bounded_paced_and_cleared_on_rekey_or_stall ... ok
test transport::tests::udp_send_errors_drop_datagrams_without_waiting_and_recover ... ok
test transport::tests::validated_endpoints_discovery_and_real_opus ... ok
test video::tests::av1_sequence_headers_alone_do_not_claim_a_keyframe ... ok
test transport::tests::local_voice_websocket_udp_dave_and_opus_exchange ... ok
test video::tests::fragments_annex_b_h264_with_a_final_marker ... ok
test video::tests::dave_h264_ciphertext_packetizes_without_extra_start_codes ... ok
test video::tests::malformed_headers_sizes_and_unit_budgets_are_rejected ... ok
test video::tests::repairs_use_each_negotiated_codecs_rtx_payload_type ... ok
test video::tests::h265_and_av1_survive_fragmentation_dave_and_transport_encryption ... ok
test video_backend::tests::native_color_adapters_preserve_bt601_limited_range_and_plane_order ... ok
test video_backend::tests::stable_camera_frames_are_bounded_and_independently_decodable ... ok
test video_backend::tests::stable_rejects_other_codecs_and_malformed_input_without_losing_its_encoder ... ok
[OpenH264] this = 0x0x7f6b7000db10, Warning:ParamValidation(), AdaptiveQuant(1) is not supported yet for screen content, auto turned off
[OpenH264] this = 0x0x7f6b7000db10, Warning:ParamValidation(), BackgroundDetection(1) is not supported yet for screen content, auto turned off

thread 'video_backend::native::tests::compact_i420_chroma_strides_encode_an_854_pixel_picture' (292460) panicked at /workspace/Serein/crates/discord-voice/src/video_encode_linux.rs:368:68:
called `Result::unwrap()` on an `Err` value: "Linux hardware video encoding failed"
note: run with `RUST_BACKTRACE=1` environment variable to display a backtrace
test video_backend::tests::stable_screen_uses_delta_frames_and_can_restart_at_a_forced_idr ... ok
test video_capabilities::tests::exact_backend_and_codec_produce_independent_profile_results_without_fallback ... ok
test video_capabilities::tests::failed_camera_open_does_not_prevent_screen_probe ... ok
test video_capabilities::tests::reported_keyframe_requires_valid_codec_and_parameter_sets ... ok
test video_capabilities::tests::successful_open_without_output_is_bounded_and_released ... ok
test video_backend::native::tests::compact_i420_chroma_strides_encode_an_854_pixel_picture ... FAILED
test video_encode::tests::capability_backends_never_select_software_or_another_gpu ... ok
test video_encode::tests::bitrate_restart_keeps_software_fallback_and_starts_with_an_idr ... ok
test video_encode::tests::ffmpeg_rejects_unbounded_configuration_before_native_allocation ... ok
test video_encode::tests::failed_backends_advance_once_without_revisiting_a_gpu ... ok
test video_encode::tests::ffmpeg_screen_delta_frames_and_forced_idr_decode ... ok
test video_encode::tests::hybrid_gpu_selection_continues_to_intel_after_amd_frame_failure ... ok
test video_encode::tests::malformed_picture_keeps_existing_native_context_and_backend ... ok
test video_encode::tests::newer_codecs_never_select_h264_software_fallback ... ok
test video_receive::tests::compare_alternating_software_decode ... ignored
test video_receive::tests::decoder_cleanup_full_queue_rapid_off_on_keeps_only_the_new_lifetime ... ok
test video_receive::tests::decoder_cleanup_invalidates_full_queue_and_allows_restart ... ok
test video_encode::tests::ffmpeg_software_camera_is_bounded_and_independently_decodable ... ok
test video_receive::tests::decoder_cleanup_tracks_all_sources_and_reassigned_owners ... ok
test video_receive::tests::decoder_cleanup_releases_slots_for_another_participant ... ok
test video_receive::tests::packet_loss_requests_a_keyframe_before_accepting_predictions ... ok
test video_receive::tests::parameter_set_detection_needs_both_sps_and_pps ... ok
test video_receive::tests::reassigned_ssrc_requests_new_owner_keyframe_and_forgets_departed_owner ... ok
test video_receive::tests::receiver_admission_accepts_1080p_and_rejects_parameter_replacement ... ok
test video_receive::tests::receiver_admission_rejects_oversized_sps_before_native_decode ... ok
test video_receive::tests::receivers_bind_ssrcs_to_users_within_the_source_limit ... ok
test video_receive::tests::removed_source_ignores_late_decoder_losses ... ok
test video_receive::tests::single_stap_and_fragmented_nal_units_rebuild_annex_b ... ok
test video_receive::tests::software_decoders_reuse_scratch_across_alternating_resolutions ... ok
test video_sps::tests::dimension_gate_does_not_admit_large_surfaces_hidden_by_crop_or_subset_sps ... ok
test video_sps::tests::dimension_gate_rejects_truncation_invalid_crop_and_oversized_sps ... ok
test video_sps::tests::dimension_prefix_preserves_chroma_and_field_crop_units ... ok
test transport::test_stream::local_stream_sender_and_viewer_deliver_audio_and_video ... ok
test video_receive::tests::decoder_thread_rejects_garbage_and_ends_with_its_sender ... ok
test transport::test_stream::established_streams_bound_missing_rekey_execution_and_welcome ... ok

failures:

failures:
    video_backend::native::tests::compact_i420_chroma_strides_encode_an_854_pixel_picture

test result: FAILED. 96 passed; 1 failed; 4 ignored; 0 measured; 0 filtered out; finished in 37.47s
