diagnostics-after.log
[Serein voice Transport] debug=false at_ms=0 window_ms=5000 wakes=2 resets=1 drops=2 stalls=1 noise_frames=3 stages(calls,total_us,max_us): echo_render=[1, 0, 0] echo_capture=[1, 0, 0] noise=[1, 0, 0] encode=[1, 0, 0] mix=[1, 0, 0] receive=[1, 0, 0] encoder=unknown amf_split_requested=0 amf_split_accepted=0 decoder=hardware video: packets=150 rtx=0 open_failed=0 not_ready=0 unknown_ssrc=0 incomplete=0 complete=0 decrypt_failed=0 gated=0 queue_full=0 keyframes=0 keyframes_without_params=0 pli_sent=0 awaiting_ticks=0 decoder_errors=0 pictures=0 picture_gap_ms=2400 stall_ticks=1 decode_queue_ms=0 stale_frames=0 signal: text=1 binary=0 other=0 ready=0 session=0 clients=0 sender=0 prepare_transition=0 execute_transition=1 prepare_epoch=0 external_sender=0 proposals=0 commit=0 key_package_sent=0 transition_ready_sent=0 subscribe_sent=0 sink_wants_sent=2
[Serein voice StreamSend] debug=false at_ms=0 window_ms=5000 wakes=2 resets=1 drops=2 stalls=1 noise_frames=3 stages(calls,total_us,max_us): echo_render=[1, 0, 0] echo_capture=[1, 0, 0] noise=[1, 0, 0] encode=[1, 0, 0] mix=[1, 0, 0] receive=[1, 0, 0] encoder=unknown amf_split_requested=0 amf_split_accepted=0 video_send=[1, 0, 0] video_receive=[1, 0, 0] stream_ticks: transport_key=2 dave_ready=1 group_ready=1 pending=0 waiting=0 announced=2 capture_ready=1 audio_enabled=2 queued_audio=6 video: packets=150 rtx=0 open_failed=0 not_ready=0 unknown_ssrc=0 incomplete=0 complete=0 decrypt_failed=0 gated=0 queue_full=0 keyframes=0 keyframes_without_params=0 pli_sent=0 awaiting_ticks=0 decoder_errors=0 pictures=0 picture_gap_ms=2400 stall_ticks=1 decode_queue_ms=0 stale_frames=0 signal: text=1 binary=0 other=0 ready=0 session=0 clients=0 sender=0 prepare_transition=0 execute_transition=1 prepare_epoch=0 external_sender=0 proposals=0 commit=0 key_package_sent=0 transition_ready_sent=0 subscribe_sent=0 sink_wants_sent=2
[Serein voice StreamReceive] debug=false at_ms=0 window_ms=5000 wakes=2 resets=1 drops=2 stalls=1 noise_frames=3 stages(calls,total_us,max_us): echo_render=[1, 0, 0] echo_capture=[1, 0, 0] noise=[1, 0, 0] encode=[1, 0, 0] mix=[1, 0, 0] receive=[1, 0, 0] decoder=hardware video_send=[1, 0, 0] video_receive=[1, 0, 0] stream_ticks: transport_key=2 dave_ready=1 group_ready=1 pending=0 waiting=0 announced=2 capture_ready=1 audio_enabled=2 queued_audio=6 video: packets=150 rtx=0 open_failed=0 not_ready=0 unknown_ssrc=0 incomplete=0 complete=0 decrypt_failed=0 gated=0 queue_full=0 keyframes=0 keyframes_without_params=0 pli_sent=0 awaiting_ticks=0 decoder_errors=0 pictures=0 picture_gap_ms=2400 stall_ticks=1 decode_queue_ms=0 stale_frames=0 signal: text=1 binary=0 other=0 ready=0 session=0 clients=0 sender=0 prepare_transition=0 execute_transition=1 prepare_epoch=0 external_sender=0 proposals=0 commit=0 key_package_sent=0 transition_ready_sent=0 subscribe_sent=0 sink_wants_sent=2
[Serein voice ScreenAudio] debug=false at_ms=0 window_ms=5000 wakes=2 resets=1 drops=2 stalls=1 noise_frames=3 stages(calls,total_us,max_us): echo_render=[1, 0, 0] echo_capture=[1, 0, 0] noise=[1, 0, 0] encode=[1, 0, 0] mix=[1, 0, 0] receive=[1, 0, 0] video: packets=150 rtx=0 open_failed=0 not_ready=0 unknown_ssrc=0 incomplete=0 complete=0 decrypt_failed=0 gated=0 queue_full=0 keyframes=0 keyframes_without_params=0 pli_sent=0 awaiting_ticks=0 decoder_errors=0 pictures=0 picture_gap_ms=2400 stall_ticks=1 decode_queue_ms=0 stale_frames=0 signal: text=1 binary=0 other=0 ready=0 session=0 clients=0 sender=0 prepare_transition=0 execute_transition=1 prepare_epoch=0 external_sender=0 proposals=0 commit=0 key_package_sent=0 transition_ready_sent=0 subscribe_sent=0 sink_wants_sent=2 capture_read=[1, 0, 0] capture_queue=[1, 0, 0] capture_restart=[1, 0, 0] app_inputs=0 app_captures=0 app_excluded=0 app_chunks=0 app_ready=0 app_dropped=0
[Serein voice ScreenVideo] debug=false at_ms=0 window_ms=5000 wakes=2 resets=1 drops=2 stalls=1 noise_frames=3 stages(calls,total_us,max_us): echo_render=[1, 0, 0] echo_capture=[1, 0, 0] noise=[1, 0, 0] encode=[1, 0, 0] mix=[1, 0, 0] receive=[1, 0, 0] encoder=unknown amf_split_requested=0 amf_split_accepted=0 video: packets=150 rtx=0 open_failed=0 not_ready=0 unknown_ssrc=0 incomplete=0 complete=0 decrypt_failed=0 gated=0 queue_full=0 keyframes=0 keyframes_without_params=0 pli_sent=0 awaiting_ticks=0 decoder_errors=0 pictures=0 picture_gap_ms=2400 stall_ticks=1 decode_queue_ms=0 stale_frames=0 signal: text=1 binary=0 other=0 ready=0 session=0 clients=0 sender=0 prepare_transition=0 execute_transition=1 prepare_epoch=0 external_sender=0 proposals=0 commit=0 key_package_sent=0 transition_ready_sent=0 subscribe_sent=0 sink_wants_sent=2
Offline voice diagnostics check passed: split acceptance, lifetime/fallback snapshots, timing, stream-state, video and signaling aggregation, disabled mode, periodic reset/flush, bounded nonblocking queue, byte budget and closed output.

amf-split-sanitizers.log
AMF split: 30 codec/old-runtime/error cases, accepted/rejected property writes, owned variants and caps released, no encoding

encoding-sanitizers.log
Presets, AMF split acceptance ABI, NVENC/QSV 1440p and AMF 4K split policy, preserved AMF PA/quality, same-GPU retry/cleanup, delayed PTS and 48-picture bound passed

voice-tests.log
test video_receive::tests::removed_source_ignores_late_decoder_losses ... ok
test video_receive::tests::single_stap_and_fragmented_nal_units_rebuild_annex_b ... ok
test video_receive::tests::software_decoders_reuse_scratch_across_alternating_resolutions ... ok
test video_sps::tests::dimension_gate_does_not_admit_large_surfaces_hidden_by_crop_or_subset_sps ... ok
test video_sps::tests::dimension_gate_rejects_truncation_invalid_crop_and_oversized_sps ... ok
test video_sps::tests::dimension_prefix_preserves_chroma_and_field_crop_units ... ok
test transport::test_stream::local_stream_sender_and_viewer_deliver_audio_and_video ... ok
test video_receive::tests::decoder_thread_rejects_garbage_and_ends_with_its_sender ... ok
test transport::test_stream::established_streams_bound_missing_rekey_execution_and_welcome ... ok

test result: ok. 144 passed; 0 failed; 4 ignored; 0 measured; 0 filtered out; finished in 36.75s


voice-clippy.log
(no diagnostics)

xtask-check-retry.log
   Compiling model v0.1.0 (/workspace/Serein/crates/model)
   Compiling session-cache v0.1.0 (/workspace/Serein/crates/session-cache)
   Compiling client-core v0.1.0 (/workspace/Serein/crates/client-core)
   Compiling test-support v0.1.0 (/workspace/Serein/crates/test-support)
error: failed to build archive at `/tmp/serein-hunt-replay-target/debug/deps/libclient_core-5136b6b3cef2dcc1.rlib`: No space left on device (os error 28)

error: could not compile `client-core` (lib) due to 1 previous error

xtask-package.log
error: failed to open: /workspace/Serein/target/debug/.cargo-build-lock

Caused by:
  Permission denied (os error 13)
